[19-Mar-2025 13:30:53 Europe/Berlin] SQLSTATE[HY000] [2002] Nem hozható létre kapcsolat, mert a célszámítógép már visszautasította a kapcsolatot
[19-Mar-2025 13:30:53 Europe/Berlin] PHP Fatal error:  Uncaught RuntimeException: Database connection error. in C:\xampp\htdocs\school-oop\app\Database\Database.php:36
Stack trace:
#0 C:\Users\Csabi\Desktop\school-oop-main\school-oop\app\Database\Database.php(43): App\Database\Database->__construct(Array)
#1 C:\Users\Csabi\Desktop\school-oop-main\school-oop\app\Models\Model.php(17): App\Database\Database::getInstance()
#2 C:\Users\Csabi\Desktop\school-oop-main\school-oop\app\Models\Subject.php(13): App\Models\Model->__construct()
#3 C:\Users\Csabi\Desktop\school-oop-main\school-oop\app\Controllers\SubjectController.php(10): App\Models\Subject->__construct()
#4 C:\Users\Csabi\Desktop\school-oop-main\school-oop\app\Routing\Router.php(54): App\Controllers\SubjectController->__construct()
#5 C:\Users\Csabi\Desktop\school-oop-main\school-oop\app\Routing\Router.php(31): App\Routing\Router->handleGetRequests('/subjects')
#6 C:\Users\Csabi\Desktop\school-oop-main\school-oop\app\Routing\Router.php(24): App\Routing\Router->dispatch('GET', '/subjects')
#7 C:\Users\Csabi\Desktop\school-oop-main\school-oop\public\index.php(10): App\Routing\Router->handle()
#8 {main}
  thrown in C:\Users\Csabi\Desktop\school-oop-main\school-oop\app\Database\Database.php on line 36
[30-Apr-2025 12:58:33 Europe/Berlin] SQLSTATE[HY000] [1045] Access denied for user 'root'@'localhost' (using password: YES)
[30-Apr-2025 12:58:33 Europe/Berlin] PHP Fatal error:  Uncaught RuntimeException: Database connection error. in C:\Users\Csabi\Desktop\school-oop-main\school-oop\app\Database\Database.php:36
Stack trace:
#0 C:\Users\Csabi\Desktop\school-oop-main\school-oop\app\Database\Database.php(43): App\Database\Database->__construct(Array)
#1 C:\Users\Csabi\Desktop\school-oop-main\school-oop\app\Models\Model.php(17): App\Database\Database::getInstance()
#2 C:\Users\Csabi\Desktop\school-oop-main\school-oop\app\Models\ClassModel.php(15): App\Models\Model->__construct()
#3 C:\Users\Csabi\Desktop\school-oop-main\school-oop\app\Controllers\ClassController.php(10): App\Models\ClassModel->__construct()
#4 C:\Users\Csabi\Desktop\school-oop-main\school-oop\app\Routing\Router.php(58): App\Controllers\ClassController->__construct()
#5 C:\Users\Csabi\Desktop\school-oop-main\school-oop\app\Routing\Router.php(31): App\Routing\Router->handleGetRequests('/classes')
#6 C:\Users\Csabi\Desktop\school-oop-main\school-oop\app\Routing\Router.php(24): App\Routing\Router->dispatch('GET', '/classes')
#7 C:\Users\Csabi\Desktop\school-oop-main\school-oop\public\index.php(10): App\Routing\Router->handle()
#8 {main}
  thrown in C:\Users\Csabi\Desktop\school-oop-main\school-oop\app\Database\Database.php on line 36
[30-Apr-2025 12:58:35 Europe/Berlin] SQLSTATE[HY000] [1045] Access denied for user 'root'@'localhost' (using password: YES)
[30-Apr-2025 12:58:35 Europe/Berlin] PHP Fatal error:  Uncaught RuntimeException: Database connection error. in C:\Users\Csabi\Desktop\school-oop-main\school-oop\app\Database\Database.php:36
Stack trace:
#0 C:\Users\Csabi\Desktop\school-oop-main\school-oop\app\Database\Database.php(43): App\Database\Database->__construct(Array)
#1 C:\Users\Csabi\Desktop\school-oop-main\school-oop\app\Models\Model.php(17): App\Database\Database::getInstance()
#2 C:\Users\Csabi\Desktop\school-oop-main\school-oop\app\Models\Student.php(17): App\Models\Model->__construct()
#3 C:\Users\Csabi\Desktop\school-oop-main\school-oop\app\Controllers\StudentController.php(10): App\Models\Student->__construct()
#4 C:\Users\Csabi\Desktop\school-oop-main\school-oop\app\Routing\Router.php(62): App\Controllers\StudentController->__construct()
#5 C:\Users\Csabi\Desktop\school-oop-main\school-oop\app\Routing\Router.php(31): App\Routing\Router->handleGetRequests('/students')
#6 C:\Users\Csabi\Desktop\school-oop-main\school-oop\app\Routing\Router.php(24): App\Routing\Router->dispatch('GET', '/students')
#7 C:\Users\Csabi\Desktop\school-oop-main\school-oop\public\index.php(10): App\Routing\Router->handle()
#8 {main}
  thrown in C:\Users\Csabi\Desktop\school-oop-main\school-oop\app\Database\Database.php on line 36
[30-Apr-2025 12:58:37 Europe/Berlin] SQLSTATE[HY000] [1045] Access denied for user 'root'@'localhost' (using password: YES)
[30-Apr-2025 12:58:37 Europe/Berlin] PHP Fatal error:  Uncaught RuntimeException: Database connection error. in C:\Users\Csabi\Desktop\school-oop-main\school-oop\app\Database\Database.php:36
Stack trace:
#0 C:\Users\Csabi\Desktop\school-oop-main\school-oop\app\Database\Database.php(43): App\Database\Database->__construct(Array)
#1 C:\Users\Csabi\Desktop\school-oop-main\school-oop\app\Models\Model.php(17): App\Database\Database::getInstance()
#2 C:\Users\Csabi\Desktop\school-oop-main\school-oop\app\Models\Grade.php(19): App\Models\Model->__construct()
#3 C:\Users\Csabi\Desktop\school-oop-main\school-oop\app\Controllers\GradeController.php(10): App\Models\Grade->__construct()
#4 C:\Users\Csabi\Desktop\school-oop-main\school-oop\app\Routing\Router.php(66): App\Controllers\GradeController->__construct()
#5 C:\Users\Csabi\Desktop\school-oop-main\school-oop\app\Routing\Router.php(31): App\Routing\Router->handleGetRequests('/grades')
#6 C:\Users\Csabi\Desktop\school-oop-main\school-oop\app\Routing\Router.php(24): App\Routing\Router->dispatch('GET', '/grades')
#7 C:\Users\Csabi\Desktop\school-oop-main\school-oop\public\index.php(10): App\Routing\Router->handle()
#8 {main}
  thrown in C:\Users\Csabi\Desktop\school-oop-main\school-oop\app\Database\Database.php on line 36
[30-Apr-2025 12:59:28 Europe/Berlin] SQLSTATE[HY000] [1049] Unknown database 'schoolbook'
[30-Apr-2025 12:59:28 Europe/Berlin] PHP Fatal error:  Uncaught RuntimeException: Database connection error. in C:\Users\Csabi\Desktop\school-oop-main\school-oop\app\Database\Database.php:36
Stack trace:
#0 C:\Users\Csabi\Desktop\school-oop-main\school-oop\app\Database\Database.php(43): App\Database\Database->__construct(Array)
#1 C:\Users\Csabi\Desktop\school-oop-main\school-oop\app\Models\Model.php(17): App\Database\Database::getInstance()
#2 C:\Users\Csabi\Desktop\school-oop-main\school-oop\app\Models\Subject.php(13): App\Models\Model->__construct()
#3 C:\Users\Csabi\Desktop\school-oop-main\school-oop\app\Controllers\SubjectController.php(10): App\Models\Subject->__construct()
#4 C:\Users\Csabi\Desktop\school-oop-main\school-oop\app\Routing\Router.php(54): App\Controllers\SubjectController->__construct()
#5 C:\Users\Csabi\Desktop\school-oop-main\school-oop\app\Routing\Router.php(31): App\Routing\Router->handleGetRequests('/subjects')
#6 C:\Users\Csabi\Desktop\school-oop-main\school-oop\app\Routing\Router.php(24): App\Routing\Router->dispatch('GET', '/subjects')
#7 C:\Users\Csabi\Desktop\school-oop-main\school-oop\public\index.php(10): App\Routing\Router->handle()
#8 {main}
  thrown in C:\Users\Csabi\Desktop\school-oop-main\school-oop\app\Database\Database.php on line 36
[30-Apr-2025 12:59:37 Europe/Berlin] SQLSTATE[HY000] [1049] Unknown database 'schoolbook'
[30-Apr-2025 12:59:37 Europe/Berlin] PHP Fatal error:  Uncaught RuntimeException: Database connection error. in C:\Users\Csabi\Desktop\school-oop-main\school-oop\app\Database\Database.php:36
Stack trace:
#0 C:\Users\Csabi\Desktop\school-oop-main\school-oop\app\Database\Database.php(43): App\Database\Database->__construct(Array)
#1 C:\Users\Csabi\Desktop\school-oop-main\school-oop\app\Models\Model.php(17): App\Database\Database::getInstance()
#2 C:\Users\Csabi\Desktop\school-oop-main\school-oop\app\Models\Subject.php(13): App\Models\Model->__construct()
#3 C:\Users\Csabi\Desktop\school-oop-main\school-oop\app\Controllers\SubjectController.php(10): App\Models\Subject->__construct()
#4 C:\Users\Csabi\Desktop\school-oop-main\school-oop\app\Routing\Router.php(54): App\Controllers\SubjectController->__construct()
#5 C:\Users\Csabi\Desktop\school-oop-main\school-oop\app\Routing\Router.php(31): App\Routing\Router->handleGetRequests('/subjects')
#6 C:\Users\Csabi\Desktop\school-oop-main\school-oop\app\Routing\Router.php(24): App\Routing\Router->dispatch('GET', '/subjects')
#7 C:\Users\Csabi\Desktop\school-oop-main\school-oop\public\index.php(10): App\Routing\Router->handle()
#8 {main}
  thrown in C:\Users\Csabi\Desktop\school-oop-main\school-oop\app\Database\Database.php on line 36
[30-Apr-2025 12:59:38 Europe/Berlin] SQLSTATE[HY000] [1049] Unknown database 'schoolbook'
[30-Apr-2025 12:59:38 Europe/Berlin] PHP Fatal error:  Uncaught RuntimeException: Database connection error. in C:\Users\Csabi\Desktop\school-oop-main\school-oop\app\Database\Database.php:36
Stack trace:
#0 C:\Users\Csabi\Desktop\school-oop-main\school-oop\app\Database\Database.php(43): App\Database\Database->__construct(Array)
#1 C:\Users\Csabi\Desktop\school-oop-main\school-oop\app\Models\Model.php(17): App\Database\Database::getInstance()
#2 C:\Users\Csabi\Desktop\school-oop-main\school-oop\app\Models\ClassModel.php(15): App\Models\Model->__construct()
#3 C:\Users\Csabi\Desktop\school-oop-main\school-oop\app\Controllers\ClassController.php(10): App\Models\ClassModel->__construct()
#4 C:\Users\Csabi\Desktop\school-oop-main\school-oop\app\Routing\Router.php(58): App\Controllers\ClassController->__construct()
#5 C:\Users\Csabi\Desktop\school-oop-main\school-oop\app\Routing\Router.php(31): App\Routing\Router->handleGetRequests('/classes')
#6 C:\Users\Csabi\Desktop\school-oop-main\school-oop\app\Routing\Router.php(24): App\Routing\Router->dispatch('GET', '/classes')
#7 C:\Users\Csabi\Desktop\school-oop-main\school-oop\public\index.php(10): App\Routing\Router->handle()
#8 {main}
  thrown in C:\Users\Csabi\Desktop\school-oop-main\school-oop\app\Database\Database.php on line 36
[30-Apr-2025 13:01:19 Europe/Berlin] SQLSTATE[42S22]: Column not found: 1054 Unknown column 'code' in 'order clause'
[30-Apr-2025 13:01:21 Europe/Berlin] SQLSTATE[42S22]: Column not found: 1054 Unknown column 'gender' in 'order clause'
[30-Apr-2025 13:01:23 Europe/Berlin] SQLSTATE[42S22]: Column not found: 1054 Unknown column 'code' in 'order clause'
[30-Apr-2025 13:01:24 Europe/Berlin] SQLSTATE[42S22]: Column not found: 1054 Unknown column 'code' in 'order clause'
[30-Apr-2025 13:01:28 Europe/Berlin] SQLSTATE[42S22]: Column not found: 1054 Unknown column 'gender' in 'order clause'
[30-Apr-2025 13:01:29 Europe/Berlin] SQLSTATE[42S22]: Column not found: 1054 Unknown column 'code' in 'order clause'
[30-Apr-2025 13:01:31 Europe/Berlin] SQLSTATE[42S22]: Column not found: 1054 Unknown column 'gender' in 'order clause'
[30-Apr-2025 13:01:33 Europe/Berlin] SQLSTATE[42S22]: Column not found: 1054 Unknown column 'code' in 'order clause'
[30-Apr-2025 13:03:13 Europe/Berlin] SQLSTATE[42S22]: Column not found: 1054 Unknown column 'code' in 'order clause'
[30-Apr-2025 13:03:53 Europe/Berlin] SQLSTATE[42S22]: Column not found: 1054 Unknown column 'code' in 'order clause'
[30-Apr-2025 13:03:53 Europe/Berlin] SQLSTATE[42S22]: Column not found: 1054 Unknown column 'code' in 'order clause'
[30-Apr-2025 13:03:53 Europe/Berlin] SQLSTATE[42S22]: Column not found: 1054 Unknown column 'code' in 'order clause'
[30-Apr-2025 13:03:53 Europe/Berlin] SQLSTATE[42S22]: Column not found: 1054 Unknown column 'code' in 'order clause'
[30-Apr-2025 13:04:27 Europe/Berlin] PHP Warning:  Undefined property: App\Models\ClassModel::$code in C:\Users\Csabi\Desktop\school-oop-main\school-oop\app\Views\classes\index.php on line 8
[30-Apr-2025 13:04:27 Europe/Berlin] PHP Warning:  Undefined property: App\Models\ClassModel::$code in C:\Users\Csabi\Desktop\school-oop-main\school-oop\app\Views\classes\index.php on line 8
[30-Apr-2025 13:04:27 Europe/Berlin] PHP Warning:  Undefined property: App\Models\ClassModel::$code in C:\Users\Csabi\Desktop\school-oop-main\school-oop\app\Views\classes\index.php on line 8
[30-Apr-2025 13:04:27 Europe/Berlin] PHP Warning:  Undefined property: App\Models\ClassModel::$code in C:\Users\Csabi\Desktop\school-oop-main\school-oop\app\Views\classes\index.php on line 8
[30-Apr-2025 13:04:27 Europe/Berlin] PHP Warning:  Undefined property: App\Models\ClassModel::$code in C:\Users\Csabi\Desktop\school-oop-main\school-oop\app\Views\classes\index.php on line 8
[30-Apr-2025 13:04:27 Europe/Berlin] PHP Warning:  Undefined property: App\Models\ClassModel::$code in C:\Users\Csabi\Desktop\school-oop-main\school-oop\app\Views\classes\index.php on line 8
[30-Apr-2025 13:04:27 Europe/Berlin] PHP Warning:  Undefined property: App\Models\ClassModel::$code in C:\Users\Csabi\Desktop\school-oop-main\school-oop\app\Views\classes\index.php on line 8
[30-Apr-2025 13:04:27 Europe/Berlin] PHP Warning:  Undefined property: App\Models\ClassModel::$code in C:\Users\Csabi\Desktop\school-oop-main\school-oop\app\Views\classes\index.php on line 8
[30-Apr-2025 13:04:27 Europe/Berlin] PHP Warning:  Undefined property: App\Models\ClassModel::$code in C:\Users\Csabi\Desktop\school-oop-main\school-oop\app\Views\classes\index.php on line 8
[30-Apr-2025 13:04:27 Europe/Berlin] PHP Warning:  Undefined property: App\Models\ClassModel::$code in C:\Users\Csabi\Desktop\school-oop-main\school-oop\app\Views\classes\index.php on line 8
[30-Apr-2025 13:04:27 Europe/Berlin] PHP Warning:  Undefined property: App\Models\ClassModel::$code in C:\Users\Csabi\Desktop\school-oop-main\school-oop\app\Views\classes\index.php on line 8
[30-Apr-2025 13:04:27 Europe/Berlin] PHP Warning:  Undefined property: App\Models\ClassModel::$code in C:\Users\Csabi\Desktop\school-oop-main\school-oop\app\Views\classes\index.php on line 8
[30-Apr-2025 13:04:34 Europe/Berlin] PHP Warning:  Undefined property: App\Models\ClassModel::$code in C:\Users\Csabi\Desktop\school-oop-main\school-oop\app\Views\classes\index.php on line 8
[30-Apr-2025 13:04:34 Europe/Berlin] PHP Warning:  Undefined property: App\Models\ClassModel::$code in C:\Users\Csabi\Desktop\school-oop-main\school-oop\app\Views\classes\index.php on line 8
[30-Apr-2025 13:04:34 Europe/Berlin] PHP Warning:  Undefined property: App\Models\ClassModel::$code in C:\Users\Csabi\Desktop\school-oop-main\school-oop\app\Views\classes\index.php on line 8
[30-Apr-2025 13:04:34 Europe/Berlin] PHP Warning:  Undefined property: App\Models\ClassModel::$code in C:\Users\Csabi\Desktop\school-oop-main\school-oop\app\Views\classes\index.php on line 8
[30-Apr-2025 13:04:34 Europe/Berlin] PHP Warning:  Undefined property: App\Models\ClassModel::$code in C:\Users\Csabi\Desktop\school-oop-main\school-oop\app\Views\classes\index.php on line 8
[30-Apr-2025 13:04:34 Europe/Berlin] PHP Warning:  Undefined property: App\Models\ClassModel::$code in C:\Users\Csabi\Desktop\school-oop-main\school-oop\app\Views\classes\index.php on line 8
[30-Apr-2025 13:04:34 Europe/Berlin] PHP Warning:  Undefined property: App\Models\ClassModel::$code in C:\Users\Csabi\Desktop\school-oop-main\school-oop\app\Views\classes\index.php on line 8
[30-Apr-2025 13:04:34 Europe/Berlin] PHP Warning:  Undefined property: App\Models\ClassModel::$code in C:\Users\Csabi\Desktop\school-oop-main\school-oop\app\Views\classes\index.php on line 8
[30-Apr-2025 13:04:34 Europe/Berlin] PHP Warning:  Undefined property: App\Models\ClassModel::$code in C:\Users\Csabi\Desktop\school-oop-main\school-oop\app\Views\classes\index.php on line 8
[30-Apr-2025 13:04:34 Europe/Berlin] PHP Warning:  Undefined property: App\Models\ClassModel::$code in C:\Users\Csabi\Desktop\school-oop-main\school-oop\app\Views\classes\index.php on line 8
[30-Apr-2025 13:04:34 Europe/Berlin] PHP Warning:  Undefined property: App\Models\ClassModel::$code in C:\Users\Csabi\Desktop\school-oop-main\school-oop\app\Views\classes\index.php on line 8
[30-Apr-2025 13:04:34 Europe/Berlin] PHP Warning:  Undefined property: App\Models\ClassModel::$code in C:\Users\Csabi\Desktop\school-oop-main\school-oop\app\Views\classes\index.php on line 8
[30-Apr-2025 13:05:30 Europe/Berlin] SQLSTATE[42S22]: Column not found: 1054 Unknown column 'gender' in 'order clause'
[30-Apr-2025 13:06:50 Europe/Berlin] SQLSTATE[42S22]: Column not found: 1054 Unknown column 'gender' in 'order clause'
[30-Apr-2025 13:06:52 Europe/Berlin] SQLSTATE[42S22]: Column not found: 1054 Unknown column 'gender' in 'order clause'
[30-Apr-2025 13:06:55 Europe/Berlin] SQLSTATE[42S22]: Column not found: 1054 Unknown column 'gender' in 'order clause'
[30-Apr-2025 13:22:34 Europe/Berlin] SQLSTATE[42S02]: Base table or view not found: 1146 Table 'school.grades' doesn't exist
[30-Apr-2025 13:22:34 Europe/Berlin] SQLSTATE[42S02]: Base table or view not found: 1146 Table 'school.grades' doesn't exist
[30-Apr-2025 13:25:09 Europe/Berlin] SQLSTATE[42S02]: Base table or view not found: 1146 Table 'school.grades' doesn't exist
